// Jest Snapshot v1, https://goo.gl/fbAQLP

exports[`Menubar is a menubar 1`] = `<div />`;
